0
294613
0
0
436346
968973
436346
436346
712295
0
568517
0
0
436346
0
0
0
968973
316380
0
800030
823183
0
98985
0
813702
0
432714
0
653152
316380
0
0
0
399666
0
800030
0
0
380128
471517
326550
655282
380128
0
0
0
316380
0
800030
0
907144
0
0
838960
0
0
975862
137700
975862
380128
655282
659717
0
380128
0
819835
0
563121
819835
0
147403
356288
0
800030
168739
168739
749631
879415
0
0
0
0
48856
650756
0
137700
0
848400
0
997110
749631
326665
0
0
0
898697
981676
970413
0
749631
0
48856
690681
0
0
48856
932739
0
462045
0
899868
0
0
0
0
693829
0
0
811052
932739
897266
0
168739
0
841689
562789
544667
238545
0
0
473489
0
898697
0
895401
0
0
0
168739
0
0
266771
480601
0
448752
0
0
0
0
0
518621
841689
0
147403
304257
38787
1998
0
0
0
0
0
0
0
0
0
0
0
0
516040
0
0
0
0
0
0
0
136360
563121
224561
472326
0
975862
0
0
0
498003
0
0
224561
0
399666
600649
0
0
0
946298
0
630790
0
0
358412
0
0
0
0
0
0
62186
767125
0
534915
165094
762064
0
463695
646757
337442
650756
0
0
822641
739628
0
326550
762064
0
0
762064
0
463695
0
437941
0
232982
0
0
0
355947
0
995972
0
998941
554926
995972
380827
0
165267
635721
516040
0
0
0
329006
462045
86891
516040
420450
358412
0
99596
0
921803
0
996052
946298
500461
898863
872564
852009
563121
770991
553732
0
0
333922
165267
470366
0
0
600649
0
765630
0
161054
313869
739628
0
324611
0
813632
0
0
0
371497
87664
194713
861273
0
592441
161054
0
0
0
0
448752
0
0
388066
0
518159
0
0
480601
128156
12013
393895
0
0
0
896289
0
509086
0
