0
0
759188
0
759188
0
0
0
174330
174330
0
0
158349
580486
0
580486
177645
580486
0
476267
476267
580486
0
55619
158349
0
158349
398377
0
326997
0
0
446858
571659
0
672444
906453
446858
55619
0
895562
0
0
0
0
0
659207
0
0
684635
174330
0
0
158349
140327
0
0
174330
0
998578
18312
0
672444
262173
0
0
0
0
0
248763
248763
0
0
0
140327
177645
672444
314252
659207
681754
18312
42252
190563
0
0
0
0
314252
478032
0
531595
0
225815
0
0
421811
0
0
0
0
0
0
0
0
0
933748
933748
672444
390389
0
0
901852
0
0
0
293498
0
0
901852
644325
0
0
0
115700
314252
843697
18936
0
0
419897
998209
0
0
190332
0
0
0
0
0
262173
0
4649
295238
0
0
0
50660
895577
0
177645
0
0
0
0
0
0
0
0
864427
213738
794134
245519
0
0
0
0
0
34972
0
0
