0
828992
334993
0
130320
0
0
0
0
47652
0
47652
47652
0
895823
0
0
0
817227
895823
0
581234
581234
0
725468
231306
891793
0
891793
0
0
725468
0
531730
0
588992
891793
0
790592
0
588992
0
0
588992
0
165912
588992
989338
463619
891793
0
773961
0
0
239667
891793
0
271199
0
220468
0
0
239667
220468
271199
730079
704245
790592
0
0
64410
0
891793
0
0
0
64410
898239
0
600884
105814
232907
477850
790592
894850
0
197378
0
0
0
702929
609968
21693
0
0
0
758760
774904
0
0
670276
193667
725468
0
0
342391
785039
0
0
64410
0
220468
0
647386
925597
944668
0
0
0
0
0
646717
449136
0
0
0
0
939124
0
0
197378
0
391147
587359
0
0
0
961356
0
0
0
354062
0
0
0
0
96087
0
0
0
449136
0
620817
96087
0
241785
236351
189975
647386
0
0
0
790592
0
0
854163
0
0
0
0
0
0
0
0
96087
251580
0
855684
0
0
891793
684212
251580
0
0
0
197378
441522
433139
52653
0
0
0
855684
0
646717
7916
0
0
0
0
