0
0
873142
437654
685363
685868
90329
0
422513
286179
286179
364672
71423
442275
0
0
0
442275
422513
442275
422513
0
685868
724683
90329
364672
0
685868
364672
5325
340504
0
0
866903
0
548870
0
0
286179
517653
0
961876
340504
815175
38505
0
0
0
0
642869
0
340504
823648
517653
0
409010
815175
422513
614277
38505
71423
0
0
0
147330
38505
638528
441918
847486
876059
866903
676575
0
0
517653
0
206025
0
549698
866903
990524
0
0
0
0
0
0
0
0
0
833233
0
0
549698
65597
0
0
409010
809304
549698
334482
65597
422513
0
0
362165
0
0
409010
0
588603
0
920851
0
812644
0
0
441918
0
0
0
0
0
0
293250
847486
51881
702343
0
0
478469
0
770249
986615
0
676575
38505
293250
986615
0
804968
40656
968271
0
0
504068
0
503516
504068
586723
588603
257190
549698
662921
0
0
0
0
344702
0
51881
981804
0
293250
586723
563710
961876
669982
812644
344702
680223
0
0
0
0
0
57872
0
986615
344702
0
536109
0
0
526514
279003
0
591251
625814
0
536109
702343
190105
0
270361
0
293250
444553
33753
0
897763
0
0
415291
591248
483954
293250
0
445219
986615
591248
690156
662921
0
483954
0
910682
0
445219
684427
0
665212
0
0
0
760792
237772
130730
602692
0
62522
0
810780
0
600008
429464
349251
0
0
0
0
760792
847486
300495
293250
0
0
0
770249
0
130730
0
0
926338
0
0
848101
503516
0
0
0
637660
591248
804968
0
212594
403156
0
0
0
0
0
0
315115
0
684427
0
920851
0
946604
0
690156
0
366139
0
0
0
0
429464
812400
0
0
0
0
669982
