293264
0
0
0
0
818587
0
0
0
42147
0
433250
0
586146
433250
787785
572738
0
586146
981098
42147
0
5348
987653
0
987653
0
114455
0
114455
0
114455
0
0
0
0
0
0
307416
307416
0
114455
0
185963
0
48989
45756
0
987855
114455
48989
787785
185963
104877
987653
952291
677766
508573
100014
376467
225830
0
758122
520059
520059
0
534094
0
0
0
0
0
187318
0
422591
0
0
0
0
449749
0
0
655724
942171
0
534094
0
0
0
457095
422591
653812
376467
576451
0
758122
0
0
0
492979
942171
918249
225830
100593
0
0
803121
572549
0
36135
376467
576451
492979
48989
376467
100014
848827
520059
0
0
857128
655724
0
75152
0
0
655724
0
0
0
622238
0
238064
0
257658
0
457095
0
56446
583369
0
914842
0
56446
289115
0
895311
449749
0
242358
0
0
0
0
999098
210392
225326
0
285681
862856
0
872131
396568
966386
93920
257658
396120
679530
862856
0
583369
376467
992746
0
0
193975
0
0
805872
225326
0
0
538296
0
679530
0
0
786093
0
870020
0
660701
249977
701028
0
133165
0
0
193975
0
96181
583369
0
0
0
444827
211213
0
0
36135
137030
0
0
242358
0
846894
870020
0
0
714715
0
225830
994017
0
0
0
396568
0
218480
0
201008
0
396568
992746
0
225830
0
0
948234
942171
0
0
0
0
0
0
0
0
0
0
918249
779022
0
391008
0
0
0
44195
701028
0
975006
396568
0
0
0
0
613813
352600
137030
175055
36135
285681
48989
93920
242358
0
0
210392
0
64117
0
858349
572549
0
390021
0
430742
0
0
371904
443024
238064
0
438649
0
862856
0
0
172877
0
0
400270
100319
0
0
0
942171
597174
992746
0
740477
0
0
218480
133165
0
298484
10234
0
257011
0
942171
0
838840
0
0
0
90994
0
0
740477
0
5549
297295
0
0
0
0
0
0
0
0
285681
818965
