0
0
0
578052
578052
0
0
578052
0
0
760929
0
14472
665800
769464
218871
136443
33443
0
0
625287
0
0
625287
0
625287
207438
0
0
399801
0
769464
399801
0
402937
416333
666550
295505
0
0
0
402937
769464
769464
0
625287
0
0
0
0
876536
680086
578052
236399
0
0
0
452672
828505
769464
876536
0
0
680086
0
633143
316475
316475
680086
0
0
513818
0
236399
0
0
0
0
402937
0
0
0
0
726859
0
659121
399801
0
0
0
460850
158462
264535
0
370590
118693
0
0
370590
118693
49608
0
828505
432046
0
0
0
0
59520
0
0
215188
482885
316475
0
828505
129249
0
171213
815272
0
909283
49608
51884
0
0
171213
0
0
552843
666953
0
909283
0
194444
0
0
706417
0
399801
316475
0
0
214570
253966
0
137797
0
0
552843
587192
587192
0
290760
0
0
0
0
0
399801
509910
509910
164915
0
0
0
0
815272
0
0
0
0
0
389632
0
120288
0
0
0
0
0
537142
0
63888
0
0
242266
791330
680086
0
0
295870
11222
0
0
29193
0
731728
0
0
926356
709350
246500
0
0
999796
0
0
709350
0
33275
0
266797
0
926356
619560
701172
0
438655
756707
0
77144
124575
0
0
0
701172
0
0
0
0
0
0
