0
0
723718
699870
0
788107
87014
0
0
879187
91769
527642
0
788107
0
0
291074
0
0
332800
0
332800
0
0
837920
851484
281035
434973
0
353324
0
886822
0
0
0
414837
0
0
640988
0
0
434973
0
0
0
0
32587
886822
732661
881295
0
0
332800
610145
881295
881295
0
0
0
0
0
0
5878
614302
658542
665193
886822
0
229132
782634
212841
406347
0
513911
0
796446
851484
0
27361
0
0
364343
0
0
332800
0
758538
344922
332800
0
0
584188
0
0
107839
628971
400983
943456
364343
0
0
0
91769
0
0
0
0
902157
0
0
91769
0
0
0
124374
0
481095
933102
757294
25712
732661
344922
458971
758538
791978
0
0
0
912107
0
0
0
913846
0
0
0
913846
0
749119
0
0
459148
0
0
978949
27041
547237
691876
0
0
0
458971
0
0
0
0
344922
0
0
0
0
732661
758538
0
934923
687228
591559
0
764880
375951
0
0
0
705331
27041
0
458668
891160
198231
913846
111053
458971
658431
458971
0
661055
0
0
691876
401075
0
153785
0
0
0
563667
127352
0
912107
431293
0
611335
665193
0
0
0
665193
0
934923
428062
88700
339409
0
0
614302
0
91769
187795
0
721303
0
913846
658431
811882
0
207332
230702
0
0
207332
0
47321
0
0
687228
0
0
0
0
669874
339488
0
339409
676780
0
333250
903894
0
4295
0
603308
0
0
168681
0
203746
687228
913991
0
192281
280863
280863
0
0
0
0
0
872469
0
0
91769
0
339488
758776
844965
611335
0
0
0
0
861187
258399
0
27041
0
104732
0
0
596252
0
0
312706
0
252036
538969
0
994780
0
0
0
47321
0
168681
651923
0
0
384882
0
952537
319730
0
0
0
786511
0
365754
0
0
0
0
0
681411
0
0
684710
703411
0
0
0
872469
860081
255939
0
764880
811882
0
0
276293
0
0
559176
