0
0
28486
715053
0
440449
0
710124
710124
440449
350481
152291
526732
52081
0
258096
982372
715053
526732
982372
559082
710124
710124
0
0
0
617546
0
0
52081
0
715053
63536
553893
935779
617546
0
522465
768531
0
277737
696357
696357
0
0
152291
0
0
234439
701304
932448
0
119542
0
765627
823446
740250
60742
452823
434996
0
0
560247
119542
60742
530036
452823
0
162557
0
509006
97719
251074
438449
0
119542
509006
838202
764342
0
0
0
0
0
0
0
0
343266
0
858964
783218
0
0
633776
814999
0
130146
774159
0
522465
0
0
161224
398992
765627
710124
427411
0
252672
0
0
0
0
0
135147
545252
508391
0
764342
0
0
634756
559082
251074
50921
634756
634756
169420
673657
0
0
0
0
559082
633776
0
0
52081
327840
0
743272
819859
0
0
0
892775
0
819859
645250
0
85041
0
0
447448
162557
0
219713
0
398992
0
0
384517
0
0
892775
0
0
236353
0
0
0
508391
85041
0
0
0
0
0
0
530036
892775
593133
0
0
651773
845742
0
0
0
162557
684078
440360
0
0
395353
398992
0
0
236353
0
0
0
811894
0
49402
0
0
0
0
132784
862998
0
369852
435544
251074
0
0
715053
0
947558
0
868346
0
327840
252672
0
236353
0
0
263810
645250
818809
788953
440360
