563702
664408
664408
595393
513927
595393
0
0
664408
668699
0
775294
0
603903
215827
58653
0
0
0
97222
768532
437484
664408
0
0
151150
492797
437484
641622
298433
873771
0
492797
151150
0
437484
0
0
0
326723
0
0
0
0
229021
0
866003
0
0
0
0
866003
0
0
0
0
0
155002
0
664408
782695
0
0
388015
0
0
0
0
0
0
0
960277
0
531115
115279
0
0
754353
866003
97222
866003
0
889315
866003
0
949915
0
83163
0
0
0
358613
388015
882889
492797
0
0
882889
889315
0
0
0
889478
506446
199577
188809
0
0
508952
155002
0
83163
0
0
0
110006
0
0
292628
310702
836631
0
0
592112
800274
0
0
616309
717942
0
531115
310702
0
0
0
188809
999362
329610
151150
0
34745
741774
227751
107549
665621
0
811598
418041
982735
0
0
421053
632714
0
0
559673
430775
0
0
0
762647
348897
0
455988
0
0
0
0
827772
107549
945650
0
63706
992035
883997
0
63706
0
110006
513827
0
34745
0
999362
135802
945650
989927
798596
0
110006
962326
0
653768
0
0
645653
114011
503723
0
0
653768
476965
0
0
616309
797441
310702
0
0
0
0
752488
0
0
0
206394
727300
558397
989927
358613
0
0
598536
0
574081
503723
0
446609
743275
0
0
0
252522
501239
0
0
0
0
0
0
0
0
0
0
847848
727300
0
0
0
574081
901190
0
989927
0
0
904352
574081
727959
0
0
293674
370321
0
0
0
0
726316
664100
317330
181448
501239
965394
789989
0
0
0
773839
0
872406
0
0
889478
0
0
0
466251
0
0
0
745245
0
710104
0
0
556206
662834
142897
0
667412
28060
0
556206
721344
598536
0
155002
0
0
0
0
306268
377988
