471307
0
528705
0
471307
0
0
306152
0
306152
471307
0
0
471307
0
0
471307
0
0
780459
0
407957
0
0
0
0
0
30419
900673
0
0
696115
100578
352593
0
488650
0
500023
0
0
478527
957441
478527
0
0
864073
761175
713205
915017
957441
0
864073
0
0
0
957441
0
488650
0
470624
0
470624
470624
0
190831
546096
0
0
935325
37102
0
684778
105742
0
0
0
460553
0
0
0
40496
37102
707872
813060
968736
0
0
900673
0
37102
0
0
0
0
784264
0
161058
954282
0
622154
0
0
105742
804449
0
0
623155
0
0
100578
0
777514
0
784264
907552
0
384946
0
0
0
0
263815
0
900673
609118
0
412766
0
686650
161058
0
0
0
0
0
0
0
376155
0
0
190831
693076
0
0
25548
0
678332
584161
243294
0
970667
0
0
0
0
0
0
447506
900673
0
243294
0
0
0
908278
676510
0
897826
26326
0
0
0
249210
0
0
498435
172359
0
451206
623155
303164
893314
0
649983
676510
0
672788
316461
0
0
713626
0
0
0
558962
0
0
561093
672788
0
0
948381
0
384946
0
0
0
947008
303686
0
313092
0
672401
229102
0
0
897826
11889
0
0
544641
0
0
544641
0
249210
595436
0
0
934066
0
0
0
643599
0
0
0
313092
660098
558962
