916563
0
511634
0
0
156178
256734
0
325427
0
0
667196
698267
69791
16334
0
693768
0
693768
667196
0
275424
156178
0
641007
325427
0
0
0
0
35821
0
248730
0
561014
0
0
698267
0
0
0
0
0
0
0
0
153653
0
0
0
0
855420
0
0
693768
0
0
0
261460
0
0
0
657772
190042
739893
667196
581165
0
0
190042
190042
0
0
0
0
0
261460
0
0
361892
0
961881
0
0
739893
0
190042
0
0
581378
0
0
472795
0
361892
855420
0
0
0
493179
0
190042
0
782491
0
0
0
0
190042
0
924908
924908
223190
0
0
0
0
0
0
0
152305
782491
47993
0
0
0
223190
0
955794
0
0
0
344832
307559
573507
223190
0
0
0
0
0
0
462179
332976
306954
0
0
0
0
0
0
647165
472795
571
0
0
0
538145
0
0
159527
0
303962
472795
0
190042
307559
152305
987290
0
0
265907
0
0
798537
0
0
344832
