224521
0
130581
391726
0
130581
647666
0
0
0
130581
0
18956
0
0
630387
0
218694
630387
630387
0
0
0
630387
175306
0
0
0
0
0
130581
732657
0
0
970851
630387
144013
0
0
0
0
144013
308122
0
970851
461908
253330
699885
144013
0
0
83965
732657
130581
0
83965
0
0
0
732657
130581
0
0
0
598832
0
651787
28828
0
517314
347509
517314
313086
0
574401
313086
0
0
887292
0
0
998313
0
0
0
133850
0
53340
0
401496
0
0
774332
461908
313086
165013
653785
0
517314
887292
0
88323
0
0
320013
970851
0
0
0
0
866679
0
0
774332
0
554804
653785
474435
240698
872343
970851
653785
653785
424202
872343
39186
866679
0
0
723062
392879
517314
0
0
349812
0
0
0
0
971168
0
392879
0
887292
0
424202
972898
0
0
392879
998215
32030
0
0
0
0
0
921750
0
247213
0
83965
481629
971168
10511
0
0
385338
0
269786
305787
0
93518
653785
66460
0
407096
349812
0
786709
0
539708
0
773172
39186
0
0
0
941633
174140
0
0
0
255484
275102
972898
0
144046
0
