0
780571
0
0
0
0
297481
674843
0
963946
0
674843
880404
182305
297481
573706
788063
0
0
600850
161021
191385
413180
0
670400
0
0
582367
0
413180
95788
0
740862
0
600850
0
120003
209819
600850
0
0
0
191385
351802
0
753602
191385
81663
151733
81663
209819
600850
120003
0
0
73460
0
0
4248
0
0
253962
0
0
568243
0
600850
0
581229
0
0
0
501976
388586
0
0
0
804448
410829
785177
0
526328
388586
993593
0
700492
245649
416503
120003
0
993593
0
245649
0
501976
76559
131306
0
0
0
526328
441857
526328
388586
975687
581229
0
955531
0
0
0
774277
526328
694893
691514
453045
120003
194895
0
0
0
0
700346
467087
952720
0
691112
0
0
193480
0
0
0
303510
0
0
493455
677783
811130
697304
467087
0
0
245540
245540
956843
0
0
0
920768
490282
304973
0
691112
114911
204843
0
445481
245540
691112
0
975687
0
0
946237
0
0
267618
0
0
0
0
0
694893
0
0
0
680180
0
0
993593
