243174
243174
0
510676
467641
510676
510676
0
969514
0
454409
0
609349
0
0
0
0
523709
0
560637
0
560637
0
0
510072
0
0
0
0
0
394103
0
0
354824
0
0
239782
125123
0
239782
0
239782
523709
518128
518128
378446
0
424907
43389
252286
0
354824
0
0
354824
560637
478431
378446
966488
0
99743
43389
253265
596358
0
261211
99743
358734
167393
358734
654945
0
478431
0
394103
0
365428
0
0
245524
125123
825894
0
437599
727709
0
239782
0
695802
0
825769
348999
239782
0
0
0
0
245524
348999
412352
365428
654945
0
0
0
150377
0
150141
0
0
412352
862423
394103
0
850774
0
0
0
0
0
0
827922
0
414535
245524
0
515580
225905
0
0
0
731810
0
225905
348999
0
301063
654945
0
0
