189078
0
0
0
520776
983113
328867
926567
328867
0
414304
0
0
779823
0
41952
884331
479841
689402
0
0
288340
981912
0
0
305002
0
0
67141
564497
714343
0
0
0
714343
714343
696859
0
0
0
305002
0
714343
540010
0
0
601122
0
543047
56555
0
0
0
0
305002
0
0
399278
0
0
56555
156847
0
796588
341849
544018
305002
0
806564
641561
252209
0
0
252209
550206
0
0
0
0
0
0
792138
0
0
641561
848474
0
0
0
0
641561
0
906917
614552
0
0
0
919566
320789
759782
0
0
286709
967913
0
641561
806564
0
0
0
792138
759782
0
943848
0
0
0
806564
49204
792138
0
675331
764619
0
70734
0
0
302038
0
0
56555
341849
614552
0
142119
939814
403583
0
0
286709
760157
0
864834
0
0
313018
791879
0
0
0
24642
374534
374534
543047
0
0
0
219185
950251
219185
555375
555375
0
323128
427807
380645
544018
0
0
404337
949112
437130
0
0
0
0
0
759782
0
943848
455167
199589
0
70734
0
0
0
0
0
213140
0
0
0
648193
482280
950251
550206
0
0
0
252209
598503
0
0
848474
461732
0
0
0
0
461732
0
0
0
271533
787158
675331
0
0
0
543047
0
0
0
675331
24642
56555
864834
0
281411
0
0
0
81118
0
219185
461732
67141
0
312365
0
0
637788
0
0
277793
380645
0
0
0
312365
0
82327
648193
889014
0
0
0
0
0
734951
27914
681137
917826
0
0
0
296130
681137
22006
983157
822036
581405
56555
918947
0
628507
369014
473956
0
15755
127058
0
0
904662
950251
