0
0
0
0
0
660285
0
0
0
950208
0
0
0
0
0
61542
0
94012
0
942277
861772
779422
0
779422
0
322584
0
0
322584
0
754961
0
46989
94012
635975
322584
0
0
0
820509
0
0
0
0
0
0
393896
0
0
942277
341817
806404
806404
0
120945
467723
0
0
0
0
827837
0
461648
0
534093
904903
201838
0
419370
975746
773062
0
0
783875
94012
535672
0
890327
0
0
0
65372
897852
0
827837
439981
0
0
781620
534093
781620
806404
94012
599628
0
665067
827837
438857
0
0
665067
0
310224
62133
244923
0
693137
0
0
804256
787662
0
62133
120945
370194
0
9322
0
589393
0
0
0
0
967238
803845
0
0
0
62133
827837
0
967238
0
9322
0
0
0
0
0
0
0
0
34421
0
0
328433
745352
0
0
588404
83192
482047
0
568357
935018
495305
373589
94012
83192
670707
0
0
0
361647
0
0
0
445812
0
284403
0
0
958287
0
396190
388008
0
0
0
279146
0
339787
0
599628
478704
48536
0
0
0
526330
600520
0
895843
0
0
0
963050
0
0
140671
654593
742916
0
0
0
822224
0
478149
662588
0
0
0
194011
791252
0
419370
788107
0
0
0
445812
384627
791252
0
0
787662
161255
728380
787662
339787
479134
803845
94012
676301
0
975746
84900
0
355669
476836
120945
168757
710948
84900
553490
0
15434
398285
0
682904
112401
84900
0
84900
0
476836
0
0
244523
848778
619171
989393
396190
217850
935018
0
576850
788107
0
693886
445812
848778
48536
38152
336930
0
0
868191
0
701769
0
0
532429
0
0
0
0
478149
0
0
0
0
966397
0
0
0
803845
94012
846274
361647
373589
0
