503396
ERR_CANNOT_QUERY
0
ERR_CANNOT_QUERY
ERR_CANNOT_QUERY
0
ERR_CANNOT_POP
0
1
0
0
0
0
ERR_CANNOT_POP
ERR_CANNOT_QUERY
ERR_CANNOT_QUERY
0
834981
834981
1
834981
2
654255
2
654255
654255
3
654255
2
248180
248180
248180
5
5
248180
418501
418501
5
5
6
4
2
ERR_CANNOT_QUERY
ERR_CANNOT_POP
954806
0
ERR_CANNOT_QUERY
0
0
0
ERR_CANNOT_QUERY
865103
865103
865103
819087
3
882521
882521
882521
3
871874
871874
429979
429979
429979
429979
2
883063
2
514247
514247
514247
4
5
4
4
912273
5
912273
912273
5
488212
5
683323
221774
8
846157
8
9
846157
8
8
829093
10
10
500539
8
8
8
7
102217
673546
5
6
5
5
3
609579
609579
609579
3
3
4
4
4
ERR_CANNOT_QUERY
95859
95859
95859
ERR_CANNOT_QUERY
0
ERR_CANNOT_QUERY
0
ERR_CANNOT_QUERY
1
1
711144
2
568346
2
2
773948
1
971149
971149
1
0
894828
1
1
894828
2
2
1
931297
2
1
2
2
826050
294867
2
719851
719851
719851
2
2
ERR_CANNOT_POP
1
723702
1
723702
723702
723702
1
723702
3
3
3
3
925569
2
925569
925569
925569
938281
ERR_CANNOT_POP
ERR_CANNOT_POP
ERR_CANNOT_QUERY
ERR_CANNOT_QUERY
1
2
657458
657458
2
657458
898289
3
3
4
4
4
4
620481
2
2
2
2
3
658341
658341
3
658341
658341
8
8
658341
391315
4
391315
4
3
3
919828
331490
ERR_CANNOT_QUERY
840702
0
0
0
447233
4
447233
5
5
5
447233
447233
447233
5
251114
3
757952
3
3
2
146708
2
724875
724875
2
2
2
724875
3
514959
514959
3
243660
4
243660
531199
4
531199
3
301914
655309
2
4717
1
0
ERR_CANNOT_QUERY
1
ERR_CANNOT_POP
0
ERR_CANNOT_QUERY
ERR_CANNOT_POP
0
0
ERR_CANNOT_POP
ERR_CANNOT_POP
0
ERR_CANNOT_POP
ERR_CANNOT_QUERY
0
564304
144174
144174
