ERR_CANNOT_POP
ERR_CANNOT_POP
0
ERR_CANNOT_QUERY
948747
1
2
251099
5
251099
5
5
5
5
251099
251099
6
251099
7
6
159212
159212
6
784591
7
851451
819737
819737
819737
819737
7
9
9
8
121376
9
10
352418
665809
167438
10
9
10
9
188389
9
9
8
9
711114
9
711114
9
711114
9
581867
12
689221
364839
12
364839
919524
13
13
919524
13
13
12
180802
180802
180802
180802
815802
815802
12
887692
11
427835
9
980870
10
980870
10
10
9
8
753914
8
805410
7
7
805410
805410
805410
805410
9
574843
574843
7
459270
459270
15
459270
340812
14
14
12
12
75846
13
13
75846
324572
324572
324572
324572
13
14
14
14
324572
324572
324572
16
16
15
900117
900117
17
17
18
471310
19
471310
19
19
18
17
553151
553151
18
101955
20
822374
822374
822374
18
17
798667
19
19
931920
18
931920
17
13081
13081
13081
16
266692
266692
17
18
266692
266692
18
18
18
507753
17
17
682664
90222
17
13
12
13
690974
690974
690974
690974
369142
14
13
825375
13
13
892499
206835
206835
12
206835
9
9
829962
648929
648929
9
389270
389270
8
8
389270
8
389270
389270
389270
10
354038
354038
354038
9
8
25015
535714
5
5
3
187477
663288
3
ERR_CANNOT_POP
ERR_CANNOT_QUERY
ERR_CANNOT_POP
ERR_CANNOT_POP
ERR_CANNOT_POP
ERR_CANNOT_POP
ERR_CANNOT_POP
0
ERR_CANNOT_POP
891663
5
5
6
6
276982
276982
5
515424
5
6
6
6
515424
5
441770
879526
6
6
879526
879526
7
206933
206933
858588
5
593466
593466
169790
6
131097
131097
4
131097
5
131097
5
131097
131097
9
196992
9
9
6
5
866959
866959
7
7
7
7
207295
6
6
6
6
7
474467
17343
17343
6
6
645264
645264
5
759143
759143
5
341693
328211
5
328211
328211
611977
4
986319
986319
332388
4
3
84936
84936
84936
967106
967106
6
6
6
4
3
3
604192
6
4
4
953959
953959
953959
953959
953959
953959
953959
953959
603121
409016
10
9
9
9
9
10
9
546381
10
10
604833
10
10
486828
10
486828
486828
8
609662
8
33198
9
33198
33198
9
887528
579765
9
579765
985958
10
985958
10
10
985958
9
9
731573
10
426502
9
10
890654
61060
8
8
62892
62892
62892
6
9
62892
9
9
9
744754
9
744754
9
744754
8
351587
803633
6
803633
5
4
159081
397179
3
3
3
698705
698705
5
5
4
3
402302
402302
402302
3
