ERR_CANNOT_QUERY
0
0
0
ERR_CANNOT_QUERY
734673
734673
734673
ERR_CANNOT_POP
ERR_CANNOT_QUERY
ERR_CANNOT_QUERY
0
ERR_CANNOT_POP
1
1
1
ERR_CANNOT_QUERY
ERR_CANNOT_QUERY
ERR_CANNOT_QUERY
0
1
2
ERR_CANNOT_POP
659023
ERR_CANNOT_QUERY
ERR_CANNOT_QUERY
0
0
1
ERR_CANNOT_QUERY
1
1
1
605973
ERR_CANNOT_QUERY
0
ERR_CANNOT_POP
ERR_CANNOT_POP
ERR_CANNOT_QUERY
ERR_CANNOT_POP
ERR_CANNOT_QUERY
ERR_CANNOT_QUERY
0
ERR_CANNOT_POP
ERR_CANNOT_QUERY
ERR_CANNOT_POP
0
0
ERR_CANNOT_POP
1
1
147812
2
1
720824
1
0
ERR_CANNOT_POP
ERR_CANNOT_POP
ERR_CANNOT_QUERY
ERR_CANNOT_POP
ERR_CANNOT_POP
ERR_CANNOT_QUERY
0
748785
ERR_CANNOT_POP
0
0
542273
542273
542273
ERR_CANNOT_QUERY
ERR_CANNOT_POP
0
0
0
ERR_CANNOT_POP
3
3
16727
16727
16727
16727
1
1
6
608249
608249
608249
608249
608249
6
6
131638
6
6
6
381672
7
471918
7
471918
6
636504
7
227727
6
180762
5
5
714917
4
871550
4
914016
4
3
3
312602
1
403192
1
1
403192
403192
403192
1
403192
556583
ERR_CANNOT_POP
ERR_CANNOT_POP
ERR_CANNOT_POP
ERR_CANNOT_QUERY
0
ERR_CANNOT_QUERY
ERR_CANNOT_QUERY
ERR_CANNOT_QUERY
0
0
ERR_CANNOT_POP
ERR_CANNOT_QUERY
ERR_CANNOT_POP
ERR_CANNOT_POP
ERR_CANNOT_POP
ERR_CANNOT_POP
ERR_CANNOT_QUERY
ERR_CANNOT_POP
ERR_CANNOT_QUERY
ERR_CANNOT_POP
ERR_CANNOT_QUERY
0
478676
478676
478676
478676
4
3
125929
125929
288969
288969
6
4
3
367308
ERR_CANNOT_POP
ERR_CANNOT_QUERY
1
ERR_CANNOT_POP
ERR_CANNOT_QUERY
938565
2
475715
3
3
3
665359
1
665359
3
3
3
3
7856
7856
3
289769
3
3
289769
4
2
2
3
894178
2
2
628248
628248
628248
2
214665
231833
231833
1
295298
295298
1
198678
ERR_CANNOT_POP
0
ERR_CANNOT_POP
2
420409
0
2
251583
2
0
0
ERR_CANNOT_POP
ERR_CANNOT_QUERY
ERR_CANNOT_QUERY
691999
1
3
2
2
2
122204
599842
599842
7
7
9
10
10
772901
772901
772901
772901
572046
572046
10
572046
572046
8
7
799722
721010
10
721010
9
597185
501909
501909
8
10
501909
10
501909
327549
10
9
9
665571
10
665571
11
11
11
990022
990022
990022
990022
12
13
990022
13
171037
12
171037
685586
10
10
224206
762329
9
8
9
9
714009
714009
8
812796
7
8
8
205749
9
9
9
205749
205749
205749
10
10
99688
9
833757
833757
10
833757
9
10
10
10
10
440165
287217
9
9
512736
512736
9
512736
819766
819766
843072
8
34853
5
5
3
3
504076
1
235715
1
1
1
1
235715
ERR_CANNOT_POP
ERR_CANNOT_POP
ERR_CANNOT_QUERY
ERR_CANNOT_QUERY
0
ERR_CANNOT_POP
ERR_CANNOT_QUERY
0
903855
903855
3
6
6
957598
957598
120089
549447
549447
370905
370905
6
7
746763
239651
705149
4
911870
911870
911870
6
6
6
625467
625467
7
625467
7
8
7
353972
353972
623225
623225
6
623225
623225
623225
6
6
910176
868530
92417
92417
10
963654
9
8
8
758452
758452
379119
