ERR_CANNOT_POP
ERR_CANNOT_POP
ERR_CANNOT_POP
ERR_CANNOT_POP
0
0
ERR_CANNOT_QUERY
ERR_CANNOT_POP
ERR_CANNOT_POP
ERR_CANNOT_QUERY
ERR_CANNOT_POP
ERR_CANNOT_QUERY
ERR_CANNOT_POP
232214
2
232214
669786
669786
ERR_CANNOT_QUERY
1
527443
527443
2
527443
2
527443
2
2
527443
527443
5
527443
5
896205
4
4
2
96584
96584
96584
96584
96584
96584
139831
3
334884
334884
334884
6
7
8
577457
8
8
559865
7
7
219859
6
7
418577
7
195037
195037
6
5
978737
978737
978737
978737
81108
218898
11
11
11
742719
742719
568699
11
568699
568699
10
10
47252
47252
11
826851
10
10
341683
10
9
11
883399
12
883399
13
883399
883399
883399
369004
369004
369004
12
82666
11
13
264721
14
15
829065
999455
999455
15
15
15
999455
15
13
12
784208
784208
12
717527
12
12
12
717527
13
645215
724385
14
13
651518
13
202931
202931
202931
15
449480
449480
16
131532
15
131532
131532
13
998989
323354
323354
14
323354
15
323354
323354
323354
323354
17
17
889855
17
17
889855
889855
18
21
22
21
22
841549
1138
1138
24
477741
586224
586224
33700
33700
33700
25
25
9887
26
26
26
9887
9887
26
9887
9887
451010
28
698339
27
698339
27
386334
28
619543
110556
27
110556
110556
110556
31
110556
339624
30
5825
5825
32
5825
31
33
804336
804336
644427
34
283151
32
34
283151
283151
39
825959
894995
894995
38
39
272616
41
272616
272616
41
41
41
41
41
41
18901
37
280997
563812
650676
650676
36
37
36
268319
3551
36
116441
116441
34
60549
34
35
567918
196349
34
196349
196349
33
34
33
174255
174255
33
402810
32
32
32
