0
ERR_CANNOT_POP
ERR_CANNOT_QUERY
0
ERR_CANNOT_QUERY
0
ERR_CANNOT_QUERY
0
ERR_CANNOT_QUERY
ERR_CANNOT_QUERY
0
0
ERR_CANNOT_POP
837500
0
782498
782498
1
1
396172
396172
3905
3905
2
0
ERR_CANNOT_POP
ERR_CANNOT_POP
0
0
ERR_CANNOT_QUERY
0
ERR_CANNOT_QUERY
ERR_CANNOT_QUERY
ERR_CANNOT_POP
ERR_CANNOT_POP
ERR_CANNOT_POP
ERR_CANNOT_POP
ERR_CANNOT_POP
676433
1
0
ERR_CANNOT_POP
1
645869
645869
645869
645869
1
930226
930226
2
3
930226
607661
607661
607661
1
1
0
0
ERR_CANNOT_POP
ERR_CANNOT_QUERY
3
3
416139
7
7400
8
7400
11
535671
16
498163
498163
498163
498163
15
498163
14
44595
16
44595
16
15
811649
11
10
703797
7
57977
126051
9
14
126051
126051
14
126051
15
15
838963
838963
838963
14
838963
15
15
15
15
14
45924
15
45924
19
484278
19
484278
20
484278
484278
484278
484278
484278
484278
484278
22
484278
484278
20
255679
255679
19
19
18
735390
735390
735390
735390
249666
19
249666
249666
249666
249666
19
20
732388
732388
22
22
22
22
23
23
23
23
543523
543523
543523
20
20
19
20
809479
692041
20
179612
23
705640
705640
705640
705640
705640
24
25851
28
28
501879
209742
25
25
87581
25
25
24
24
199991
28
831895
28
28
831895
489830
31
30
48534
30
494554
28
494554
28
28
29
26
207781
23
548157
24
210736
436642
436642
436642
436642
436642
23
23
24
23
24
25
24
540001
26
254501
25
24
26
26
26
307181
307181
307181
29
307181
39909
28
28
39909
39909
26
