1
ERR_CANNOT_POP
ERR_CANNOT_QUERY
ERR_CANNOT_POP
ERR_CANNOT_POP
1
723068
1
3
3
3
723068
5
5
596795
128063
7
7
7
210344
210344
210344
8
8
8
7
490082
490082
9
402595
402595
402595
8
8
8
8
8
562245
562245
9
9
7
7
203325
203325
9
203325
11
203325
203325
203325
10
10
841838
841838
10
10
10
642185
9
560110
9
78616
78616
78616
8
6
7
7
851341
851341
959341
7
8
465978
7
355756
8
355756
8
363886
8
7
6
903273
570560
570560
8
570560
8
574525
873898
4
4
4
3
961114
961114
3
961114
961114
69825
3
5
6
903236
481456
7
724839
9
9
724839
724839
10
8
7
889447
6
407682
5
134738
654447
6
7
6
186870
186870
186870
4
186870
511949
6
6
7
5
104660
5
524731
2
396919
3
3
4
3
2
1
3
35891
35891
6
35891
35891
35891
35891
446483
7
446483
446483
8
8
8
8
715185
8
715185
715185
8
83075
732821
732821
6
897757
8
152021
152021
152021
152021
10
259000
259000
11
11
11
449378
11
269825
10
269825
10
10
219358
219358
9
9
219358
219358
219358
9
9
9
219358
9
72740
6
405498
808358
808358
6
6
7
751695
751695
9
9
751695
