0
0
422756
2
0
ERR_CANNOT_POP
1
1
1
1
916827
916827
916827
9
916827
916827
9
928541
928541
928541
9
91210
213733
6
7
7
213733
7
129825
129825
6
5
4
3
3
317369
3
4
4
4
4
317369
5
9
870860
7
339873
339873
7
7
7
7
339873
6
120019
6
6
962878
5
962878
962878
962878
9
35409
9
9
9
9
35409
8
251098
251098
10
10
8
8
746815
746815
746815
10
10
987490
10
9
9
10
263129
12
263129
263129
14
598767
501244
13
13
13
13
155422
9
19711
11
19711
10
989232
10
10
11
11
65738
703359
703359
703359
703359
11
11
703359
12
509685
11
11
474315
474315
12
12
678905
678905
12
16
668283
17
979517
979517
18
456950
14
456950
14
14
15
630033
733723
12
733723
103884
7
9
824625
546448
546448
676976
8
225649
9
7
239785
7
5
241953
4
4
4
5
5
241953
2
1
1
ERR_CANNOT_POP
1
762405
1
2
0
0
ERR_CANNOT_QUERY
1
870971
870971
870971
870971
1
3
3
504102
504102
6
754828
5
5
4
569824
4
3
4
4
619353
607076
7
7
6
332084
6
456881
456881
7
9
916143
12
12
179568
12
179568
485682
485682
13
485682
485682
485682
14
485682
14
688645
14
50251
50251
16
89231
18
18
89231
58557
58557
58557
58557
19
58557
18
17
18
18
358981
17
20
598835
169637
765601
18
630932
630932
898742
16
17
17
17
20
18
63290
18
15
457370
16
69080
759775
17
252254
252254
252254
13
268199
12
12
482230
482230
12
203428
11
710304
710304
710304
12
688984
688984
688984
41849
11
41849
11
10
11
11
969189
969189
969189
969189
11
807073
807073
567395
567395
14
14
232972
11
801278
801278
10
525586
525586
11
11
525586
11
13
13
982045
13
360550
12
892094
892094
454298
12
24975
14
15
16
149107
17
18
18
149107
19
19
20
149107
149107
20
19
19
21
21
21
327002
327002
21
22
