3
3
3
5
960950
960950
736581
736581
8
8
871775
7
7
6
138542
138542
138542
6
6
391040
5
391040
391040
391040
6
9
391040
8
9
9
9
604166
9
604166
9
607486
9
511689
883608
348342
5
5
5
1
1
924712
924712
636181
2
636181
636181
5
5
636181
636181
5
4
147899
2
3
599270
599270
599270
3
3
1
569131
50486
0
0
ERR_CANNOT_POP
ERR_CANNOT_QUERY
ERR_CANNOT_QUERY
ERR_CANNOT_POP
ERR_CANNOT_QUERY
88405
ERR_CANNOT_QUERY
ERR_CANNOT_QUERY
0
0
ERR_CANNOT_POP
525411
571594
571594
3
55849
569841
569841
569841
421810
4
421810
421810
175511
1
1
9244
1
110248
1
0
ERR_CANNOT_POP
ERR_CANNOT_POP
ERR_CANNOT_POP
0
ERR_CANNOT_POP
588650
1
588650
588650
588650
3
134261
134261
134261
134261
134261
244751
203239
948528
2
325413
2
952179
2
952179
623419
3
3
3
623419
623419
3
1
ERR_CANNOT_QUERY
0
ERR_CANNOT_POP
ERR_CANNOT_QUERY
ERR_CANNOT_QUERY
0
ERR_CANNOT_POP
ERR_CANNOT_QUERY
ERR_CANNOT_POP
969670
1
290749
2
290749
2
2
3
1
59116
59116
2
1
887123
871501
1
ERR_CANNOT_QUERY
394495
1
ERR_CANNOT_POP
0
0
601386
1
601386
2
2
3
770748
878449
3
878449
938867
2
938867
938867
7004
ERR_CANNOT_QUERY
ERR_CANNOT_QUERY
ERR_CANNOT_POP
ERR_CANNOT_QUERY
ERR_CANNOT_POP
0
ERR_CANNOT_QUERY
0
288527
288527
2
288527
288527
4
288527
752081
752081
7
752081
752081
10
10
752081
