0
ERR_CANNOT_POP
ERR_CANNOT_QUERY
ERR_CANNOT_POP
323140
ERR_CANNOT_QUERY
ERR_CANNOT_QUERY
2
2
462387
1
462387
462387
1
462387
6
462387
38576
7
7
7
38576
8
38576
8
38576
8
335532
335532
335532
624669
10
624669
10
10
10
444187
444187
444187
10
19721
809294
9
9
809294
809294
12
735689
10
735689
735689
709787
9
983992
8
439804
8
7
4
802452
3
3
149139
149139
0
236842
0
ERR_CANNOT_POP
ERR_CANNOT_POP
ERR_CANNOT_QUERY
ERR_CANNOT_POP
ERR_CANNOT_POP
ERR_CANNOT_QUERY
0
1
841129
ERR_CANNOT_POP
ERR_CANNOT_QUERY
ERR_CANNOT_POP
0
0
1
159171
159171
159171
159171
159171
2
2
ERR_CANNOT_POP
0
0
0
ERR_CANNOT_POP
0
ERR_CANNOT_POP
0
ERR_CANNOT_QUERY
0
ERR_CANNOT_POP
0
ERR_CANNOT_POP
ERR_CANNOT_POP
0
ERR_CANNOT_QUERY
0
1
224915
1
224915
224915
389675
1
3
389675
1
1
2
2
831605
831605
2
2
3
3
439355
426154
3
3
4
426154
426154
4
5
426154
426154
125141
322504
818656
818656
818656
818656
818656
7
818656
7
818656
7
818656
6
6
526203
526203
5
4
4
4
289054
289054
5
32806
490925
490925
4
488921
488921
488921
4
534503
4
4
4
4
4
92183
3
92183
92183
92183
92183
4
429977
429977
429977
1
429977
2
2
111718
111718
3
962932
1
1
962932
2
370707
909833
136497
6
136497
6
7
8
458574
458574
458574
233408
233408
11
12
12
233408
398717
398717
398717
398717
707617
368689
14
368689
13
727101
321575
321575
321575
12
321575
15
321575
605373
605373
14
605373
605373
14
605373
605373
13
289740
289740
12
289740
13
289740
289740
289740
13
15
769924
769924
769924
18
769924
769924
139631
120621
23
844963
844963
23
87283
23
20
158827
158827
20
951177
951177
21
20
20
20
865468
20
865468
865468
20
67224
21
21
20
19
19
19
19
156674
18
28202
19
19
19
19
20
20
319717
517222
517222
67816
17
796623
796623
16
796623
15
71850
71850
14
14
14
14
14
71850
13
812368
812368
812368
816595
816595
12
46328
46328
11
11
502059
569964
10
10
310883
9
310883
832357
11
832357
11
11
11
11
128400
10
10
10
10
906861
12
9
9
616592
616592
616592
616592
616592
616592
616592
449840
10
276678
276678
10
10
10
9
9
8
639081
300503
6
323035
323035
323035
323035
7
7
8
856873
856873
856873
7
856873
856873
10
856873
10
10
10
856873
856873
13
856873
856873
856873
856873
13
856873
14
412829
14
795260
795260
15
15
15
15
795260
795260
234416
15
15
17
18
558108
17
558108
558108
20
20
423258
471122
18
471122
471122
18
18
130373
19
130373
130373
19
19
17
17
