327963
1
2
2
1
775400
1
775400
570954
8
8
570954
8
570954
8
10
10
341300
341300
341300
9
28168
343741
8
343741
343741
343741
16
15
755487
755487
755487
269014
16
269014
269014
17
17
18
18
269014
269014
269014
20
703431
703431
678804
123230
123230
15
639420
14
639420
639420
639420
14
639420
639420
16
18
19
134904
134904
21
134904
552278
552278
552278
552278
552278
439235
278154
18
19
933659
151353
151353
16
916843
916843
18
18
916843
19
19
916843
19
19
19
407201
407201
407201
407201
407201
493483
18
20
20
20
809649
809649
21
20
221983
19
676680
676680
676680
19
240520
567592
567592
567592
20
567592
60104
60104
60104
318203
22
19
553763
553763
553763
359036
359036
24
24
24
288213
26
236601
26
462298
27
28
977254
27
27
27
26
25
25
635889
635889
29
635889
29
30
661528
30
37194
29
