0
ERR_CANNOT_QUERY
0
0
ERR_CANNOT_POP
ERR_CANNOT_POP
ERR_CANNOT_POP
ERR_CANNOT_QUERY
540801
1
540801
1
ERR_CANNOT_POP
ERR_CANNOT_POP
1
1
ERR_CANNOT_QUERY
ERR_CANNOT_QUERY
0
0
0
0
0
0
ERR_CANNOT_POP
ERR_CANNOT_QUERY
ERR_CANNOT_QUERY
ERR_CANNOT_QUERY
ERR_CANNOT_QUERY
ERR_CANNOT_QUERY
ERR_CANNOT_QUERY
ERR_CANNOT_POP
ERR_CANNOT_QUERY
ERR_CANNOT_QUERY
ERR_CANNOT_QUERY
1
1
979786
766756
2
ERR_CANNOT_POP
38386
0
0
ERR_CANNOT_QUERY
ERR_CANNOT_POP
0
ERR_CANNOT_QUERY
ERR_CANNOT_POP
1
1
1
ERR_CANNOT_POP
1
308263
308263
308263
2
302338
1
1
302338
2
302338
302338
302338
ERR_CANNOT_POP
ERR_CANNOT_POP
ERR_CANNOT_QUERY
714204
714204
ERR_CANNOT_QUERY
0
0
ERR_CANNOT_QUERY
ERR_CANNOT_POP
ERR_CANNOT_POP
0
ERR_CANNOT_QUERY
ERR_CANNOT_POP
0
ERR_CANNOT_QUERY
0
ERR_CANNOT_QUERY
ERR_CANNOT_POP
ERR_CANNOT_QUERY
1
749108
1
280639
1
1
1
0
ERR_CANNOT_POP
0
1
640303
ERR_CANNOT_POP
ERR_CANNOT_QUERY
914151
2
914151
1
1
1
2
2
352736
2
352736
2
ERR_CANNOT_QUERY
ERR_CANNOT_QUERY
ERR_CANNOT_QUERY
140415
2
156510
380215
1
1
380215
1
380215
380215
2
ERR_CANNOT_POP
0
0
332896
1
1
2
201824
201824
201824
338187
338187
385295
2
2
812654
3
533639
533639
533639
533639
6
235387
235387
6
645936
6
645936
6
7
894600
8
975654
637330
7
637330
7
995971
995971
6
995971
995971
995971
915029
5
7
6
6
7
698359
698359
239347
6
239347
7
8
777446
798031
221510
639462
639462
10
93473
8
8
8
563336
