228182
2
2
1
1
738060
738060
738060
2
2
83485
4
83485
6
83485
6
7
6
4
651627
4
4
4
3
3
1
2
3
424041
302998
2
4
302998
302998
4
3
814444
675015
3
2
2
2
352849
352849
2
1
2
267270
1
1
755686
4
755686
4
97177
2
ERR_CANNOT_QUERY
0
0
ERR_CANNOT_POP
ERR_CANNOT_POP
ERR_CANNOT_POP
1
0
ERR_CANNOT_POP
2
908401
3
3
34779
2
988763
961339
3
4
182285
182285
647610
4
4
262147
262147
239010
79070
621565
2
621565
2
621565
2
621565
0
ERR_CANNOT_POP
ERR_CANNOT_QUERY
792787
ERR_CANNOT_QUERY
41274
41274
1
2
2
1
0
1
2
3
553215
1
553215
1
0
0
ERR_CANNOT_POP
0
0
ERR_CANNOT_POP
ERR_CANNOT_QUERY
0
ERR_CANNOT_POP
ERR_CANNOT_QUERY
ERR_CANNOT_POP
ERR_CANNOT_POP
0
0
1
ERR_CANNOT_POP
0
0
ERR_CANNOT_POP
1
ERR_CANNOT_QUERY
654540
2
90340
