ERR_CANNOT_QUERY
682597
682597
3
3
4
3
680814
375939
6
375939
10
10
8021
8021
13
8021
8021
605333
12
907078
480605
480605
480605
13
12
758295
758295
10
10
10
192150
12
12
12
798977
798977
13
11
385163
385163
834520
707685
707685
707685
8
673596
8
673596
8
7
63000
63000
63000
6
7
583281
583281
8
135601
6
343406
343406
343406
8
372353
372353
7
7
7
372353
254350
199770
7
326600
931596
7
5
5
5
771240
4
35208
4
318418
6
4
81542
4
81542
4
4
81542
5
81542
5
6
6
81542
6
81542
6
6
541314
6
541314
7
541314
7
541314
541314
96050
96050
96050
7
96050
8
8
96050
96050
96050
7
760398
7
7
706172
13
13
13
785438
712918
712918
13
984291
11
984291
984291
984291
12
882001
10
554538
9
9
554538
554538
708344
8
708344
9
653171
8
461384
8
461384
10
10
10
10
461384
671999
671999
671999
283515
7
7
7
196201
196201
7
196201
196201
926520
7
7
7
756338
946979
5
5
5
946979
946979
5
5
5
5
765501
31667
4
144844
3
144844
3
427715
2
14853
2
2
14853
ERR_CANNOT_QUERY
0
ERR_CANNOT_QUERY
ERR_CANNOT_POP
183465
183465
1
ERR_CANNOT_POP
ERR_CANNOT_POP
ERR_CANNOT_POP
1
2
15649
2
15649
0
0
ERR_CANNOT_QUERY
0
732895
1
0
383010
3
556008
2
272952
272952
272952
3
955609
3
3
108038
1
0
ERR_CANNOT_POP
0
ERR_CANNOT_QUERY
ERR_CANNOT_QUERY
932160
2
932160
2
1
1
1
721820
1
721820
721820
2
1
152289
152289
152289
152289
152289
4
4
152289
152289
152289
5
5
5
5
152289
5
152289
8
7
7
4
499988
4
4
9
496581
11
11
12
28650
28650
11
11
10
11
10
993796
993796
396546
14
14
15
15
687607
687607
16
115366
115366
17
703909
16
15
134677
22220
55167
55167
38121
11
11
11
46761
359851
359851
9
9
9
359851
359851
16
17
337751
337751
337751
20
16
16
16
607224
607224
15
796389
17
17
796389
298224
17
17
771626
17
17
17
16
2930
16
2930
17
723508
17
723508
15
922196
922196
16
14
14
14
15
649087
14
625785
625785
15
625785
15
15
15
17
17
17
17
17
18
18
393747
393747
19
681103
18
18
793402
793402
19
20
19
445489
828371
828371
828371
828371
19
15134
15134
17
16
