ERR_CANNOT_QUERY
0
0
ERR_CANNOT_POP
0
667715
1
615010
615010
1
333367
333367
1
333367
2
2
2
936840
936840
1
1
35462
ERR_CANNOT_QUERY
ERR_CANNOT_QUERY
1
3
3
184160
184160
4
4
519240
3
327620
2
118148
2
2
118148
3
5
5
118148
118148
118148
6
4
4
5
939643
4
2
724912
3
724912
3
960765
4
3
839371
839371
839371
5
4
4
4
5
7
116718
8
23873
8
9
930417
11
851891
8
851891
12
944535
944535
944535
12
944535
12
927858
927858
853888
13
676566
8
734151
734151
734151
734151
734151
9
9
734151
734151
9
9
120788
120788
9
120788
120788
9
265216
13
174271
174271
14
14
13
13
13
13
15
321626
15
14
16
16
16
237526
237526
303237
303237
16
16
16
16
539738
16
16
17
17
974767
178140
15
15
812352
871971
16
16
871971
18
977688
977688
193898
18
193898
728467
292368
18
925226
15
603987
15
15
588574
15
792295
13
13
14
731465
14
731465
731465
15
15
15
16
979915
979915
16
16
979915
377001
377001
19
20
377001
20
377001
22
22
377001
325695
20
328177
328177
20
22
118290
880382
23
880382
22
23
721337
25
25
27
27
27
27
541615
26
27
28
29
29
541615
927763
927763
927763
927763
927763
28
28
403894
26
835164
835164
23
683689
667781
22
22
22
227351
227351
20
227351
256040
256040
17
372237
372237
17
372237
17
794047
17
377216
18
324626
18
345685
771125
17
15
15
14
13
13
14
15
15
891871
14
14
14
14
891871
891871
14
14
12
12
15
15
16
652228
70186
14
14
248502
14
14
484981
11
11
12
12
12
835411
835411
835411
11
757324
12
627012
10
11
282365
282365
282365
11
