0
ERR_CANNOT_POP
118279
2
118279
3
3
3
464263
3
209266
1
209266
209266
189234
2
10051
1
ERR_CANNOT_POP
0
0
ERR_CANNOT_POP
298496
298496
4978
4978
2
1
3
633419
2
633419
2
2
967443
0
ERR_CANNOT_POP
0
ERR_CANNOT_QUERY
0
0
0
ERR_CANNOT_QUERY
0
ERR_CANNOT_QUERY
750788
750788
1
1
ERR_CANNOT_POP
ERR_CANNOT_QUERY
0
0
0
ERR_CANNOT_QUERY
ERR_CANNOT_POP
ERR_CANNOT_POP
ERR_CANNOT_POP
ERR_CANNOT_POP
ERR_CANNOT_QUERY
ERR_CANNOT_QUERY
ERR_CANNOT_POP
771800
ERR_CANNOT_POP
2
1
1
ERR_CANNOT_POP
ERR_CANNOT_QUERY
0
ERR_CANNOT_QUERY
ERR_CANNOT_POP
ERR_CANNOT_QUERY
ERR_CANNOT_QUERY
ERR_CANNOT_QUERY
0
863283
863283
1
863283
0
1
0
ERR_CANNOT_POP
ERR_CANNOT_QUERY
0
ERR_CANNOT_QUERY
0
0
808690
2
2
2
2
2
5993
0
ERR_CANNOT_POP
781189
2
116398
116398
861074
861074
2
3
149166
4
3
3
521240
3
868195
459362
3
754292
200260
200260
578904
0
ERR_CANNOT_POP
41923
1
2
1
ERR_CANNOT_POP
ERR_CANNOT_POP
0
ERR_CANNOT_QUERY
ERR_CANNOT_QUERY
0
0
ERR_CANNOT_QUERY
ERR_CANNOT_QUERY
825009
2
0
1
1
945244
945244
945244
ERR_CANNOT_POP
ERR_CANNOT_QUERY
ERR_CANNOT_QUERY
ERR_CANNOT_POP
0
ERR_CANNOT_POP
ERR_CANNOT_QUERY
0
0
831418
546808
3
4
546808
4
546808
4
4
4
392095
2
4
4
1
728426
2
728426
728426
3
3
3
809597
3
809597
809597
809597
809597
809597
5
809597
774711
356031
356031
300661
610488
610488
3
3
3
3
887344
887344
409567
409567
409567
409567
409567
8
409567
9
956085
11
10835
476339
476339
476339
10
863708
863708
9
294254
11
294254
294254
168629
13
143754
143754
143754
18
18
882686
19
19
22
882686
882686
882686
952891
23
423931
257535
23
824668
22
22
22
23
22
389038
903794
903794
903794
24
23
230034
115312
19
115312
19
20
115312
21
20
621701
621701
20
621701
621701
22
680254
25
22
493675
21
493675
332166
20
39615
39615
39615
19
19
18
647693
647693
647693
15
15
700500
15
15
10403
865146
865146
15
865146
463106
901799
12
12
506464
506464
506464
11
116705
11
647382
10
113802
113802
9
8
633349
633349
472473
7
743639
7
13
743639
743639
14
314869
447130
9
8
339628
339628
8
384445
952060
316455
6
6
612047
6
5
5
5
131180
976725
3
2
988004
3
988004
557996
1
557996
3
800786
3
124461
ERR_CANNOT_QUERY
1
ERR_CANNOT_QUERY
ERR_CANNOT_POP
0
239524
1
0
ERR_CANNOT_QUERY
0
0
1
ERR_CANNOT_QUERY
ERR_CANNOT_POP
320059
320059
3
320059
320059
320059
5
6
9
931321
8
833292
10
10
252995
252995
252995
252995
11
689064
534902
534902
12
534902
12
10
493146
493146
11
11
11
493146
493146
12
493146
493146
493146
721562
721562
721562
11
182301
182301
758503
11
758503
758503
13
434761
434761
434761
439947
570971
16
17
217737
217737
18
17
17
82856
82856
19
790678
326741
20
20
789892
20
514215
514215
514215
22
996484
177114
177114
22
24
177114
177114
177114
25
25
25
177114
177114
28
177114
177114
27
605716
605716
605716
27
477847
477847
736967
27
27
27
27
943048
26
257372
28
28
136588
29
30
445350
580965
28
580965
29
55503
29
31
816922
29
412217
412217
412217
30
30
