0
106093
946808
946808
946808
4
4
4
4
946808
4
2
621589
621589
621589
6
796093
122663
3
3
122663
3
3
3
3
5
8
668404
485728
9
8
6
656239
656239
5
947482
1
ERR_CANNOT_POP
2
494421
2
494421
5
5
98392
775755
213558
7
749181
7
749181
60752
755217
755217
5
4
963527
439932
1
816417
816417
ERR_CANNOT_QUERY
ERR_CANNOT_QUERY
ERR_CANNOT_POP
ERR_CANNOT_POP
0
696931
3
696931
470310
470310
3
3
3
470310
978430
971705
4
4
971705
4
4
6
7
291975
4
4
3
393000
393000
393000
2
2
393000
393000
2
241946
241946
241946
2
2
2
59741
59741
843440
843440
3
2
238753
1
3
4
965581
8
8
8
965581
300715
7
8
300715
285051
285051
285051
7
9
10
150291
12
12
