ERR_CANNOT_QUERY
ERR_CANNOT_QUERY
0
0
0
ERR_CANNOT_QUERY
ERR_CANNOT_QUERY
ERR_CANNOT_POP
ERR_CANNOT_POP
ERR_CANNOT_POP
0
1
1
1
617501
3
617501
3
4
4
5
142348
142348
1
203234
40979
3
3
4
6
866826
866826
531105
531105
664341
664341
8
8
208979
208979
208979
5
5
740807
740807
6
740807
6
6
6
6
331950
331950
6
6
926128
926128
7
8
848878
524630
6
582655
6
582655
6
4
491175
4
5
5
6
26086
6
310750
4
180915
4
4
4
180915
3
2
137588
137588
2
2
137588
137588
137588
65382
65382
65382
65382
4
65382
965184
965184
6
6
602229
800127
800127
383131
383131
383131
5
5
952138
952138
119132
5
119132
776903
6
7
6
542703
7
7
6
5
3
1
577155
577155
1
92662
92662
92662
ERR_CANNOT_QUERY
1
198492
1
0
ERR_CANNOT_POP
472404
472404
1
1
539600
1
1
1
1
ERR_CANNOT_QUERY
ERR_CANNOT_POP
ERR_CANNOT_QUERY
ERR_CANNOT_POP
ERR_CANNOT_QUERY
ERR_CANNOT_POP
ERR_CANNOT_QUERY
ERR_CANNOT_POP
ERR_CANNOT_POP
ERR_CANNOT_QUERY
ERR_CANNOT_QUERY
0
ERR_CANNOT_QUERY
2
637960
5
637960
637960
5
6
637960
637960
637960
7
6
8
8
169941
405907
405907
405907
7
532012
7
532012
8
532006
6
6
5
847788
4
583457
583457
3
3
642521
5
642521
6
5
5
6
5
7
6
6
823805
330045
7
330045
330045
9
9
9
336797
15472
8
8
602254
602254
9
9
602254
602254
602254
7
345006
12
450645
450645
450645
10
10
12
11
11
400988
400988
400988
400988
14
220136
13
220136
727834
778459
11
54715
11
554779
138552
138552
11
138552
10
9
9
11453
11453
12
367924
235843
14
14
13
785372
785372
11
864479
11
885224
228559
7
281068
8
9
853138
853138
11
549182
10
370851
9
9
10
444
12
761759
13
664585
12
664585
14
905171
