0
ERR_CANNOT_POP
181923
0
0
1
149734
1
1
ERR_CANNOT_POP
ERR_CANNOT_POP
ERR_CANNOT_POP
ERR_CANNOT_QUERY
ERR_CANNOT_POP
0
0
1
0
223516
3
2
979980
2
979980
979980
1
1
1
842682
1
3
469234
469234
469234
329952
576941
1
0
ERR_CANNOT_QUERY
1
0
982470
ERR_CANNOT_POP
0
ERR_CANNOT_POP
0
ERR_CANNOT_QUERY
ERR_CANNOT_QUERY
ERR_CANNOT_POP
ERR_CANNOT_QUERY
ERR_CANNOT_QUERY
0
2
499569
499569
2
951641
936092
663794
2
2
2
663794
4
785027
785027
0
ERR_CANNOT_POP
ERR_CANNOT_QUERY
ERR_CANNOT_POP
0
0
ERR_CANNOT_POP
531706
2
531706
3
888347
2
888347
2
888347
2
888347
888347
888347
888347
888347
888347
58467
2
2
1
846935
846935
846935
ERR_CANNOT_QUERY
1
1
2
324969
4
4
3
3
2
ERR_CANNOT_QUERY
0
ERR_CANNOT_QUERY
0
1
ERR_CANNOT_POP
ERR_CANNOT_POP
0
ERR_CANNOT_QUERY
ERR_CANNOT_POP
ERR_CANNOT_QUERY
ERR_CANNOT_POP
1
90547
1
90547
1
90547
90547
90547
90547
90547
90547
0
ERR_CANNOT_POP
ERR_CANNOT_QUERY
ERR_CANNOT_QUERY
878874
1
1
1
878874
878874
878874
3
4
878874
3
5
5
522941
522941
3
968810
3
3
3
3
823244
3
3
500529
500529
349719
55075
55075
3
5
6
7
741199
741199
994392
5
7
8
158626
673634
673634
6
559788
5
3
697285
3
697285
3
697285
584467
3
683565
683565
3
683565
683565
2
74406
74406
3
927887
927887
4
5
6
927887
6
6
139131
139131
4
4
89522
89522
2
2
2
522907
1
ERR_CANNOT_POP
ERR_CANNOT_QUERY
2
214487
214487
919689
4
393678
4
2
2
744696
5
439879
3
178641
3
3
2
3
1
573958
573958
3
3
573958
269009
269009
4
4
996571
3
766835
3
302717
637491
4
925621
925621
925621
4
6
5
5
729936
3
729936
534890
1
636306
636306
636306
636306
636306
3
409016
2
51665
51665
ERR_CANNOT_POP
3
495320
2
0
ERR_CANNOT_QUERY
ERR_CANNOT_QUERY
1
1
ERR_CANNOT_QUERY
764782
764782
1
1
2
291689
3
1
984582
ERR_CANNOT_POP
ERR_CANNOT_QUERY
0
ERR_CANNOT_QUERY
1
ERR_CANNOT_QUERY
192033
1
192033
2
192033
192033
192033
3
3
3
3
3
192033
3
3
4
872237
872237
277319
277319
6
6
6
6
277319
6
74867
74867
7
308188
7
