0
0
0
0
0
657074269
879164709
333338414
333338414
333338414
333338414
333338414
333338414
270062714
270062714
627154992
0
902883332
136396539
916009689
916009689
916009689
916009689
0
0
0
489452733
0
863330677
688923207
688923207
688923207
688923207
188943716
188943716
188943716
188943716
794075439
488718282
388
158017134
158017134
268637115
267032117
546990185
745309805
745309805
740238008
740238008
740238008
740238008
531958317
427586173
427586173
243504651
861394447
861394447
861394447
861394447
390231137
390231137
390231137
390231137
390231137
345754158
345754158
851403805
851403805
851403805
390266597
390266597
390266597
944127212
545668124
545668124
473153896
605903973
605903973
127129956
605903973
605903973
439036751
439036751
439036751
439036751
439036751
439036751
439036751
350220422
200807674
502895909
602889629
602889629
602889629
741116433
741116433
741116433
741116433
793337088
793337088
2873928
2873928
69965281
461421400
461421400
461421400
461421400
138669535
138669535
138669535
448975984
763584234
304340353
304340353
340004147
340004147
423819323
151984385
792896997
792896997
921925620
921925620
935875289
284905243
935875289
935875289
935875289
935875289
973722163
973722163
320285100
320285100
667823790
779401647
779401647
995274671
689157050
790649315
790649315
790649315
790649315
179584968
212378575
742881845
615403415
588048575
588048575
588048575
459508301
230811069
844983936
844983936
600772733
629052657
629052657
19321461
19321461
801633482
801633482
801633482
836232498
892298477
664085400
578999491
0
0
0
0
0
302609210
