438776192
91491362
91491362
91491362
91491362
91491362
102624833
230480296
230480296
230480296
230480296
230480296
241797168
241797168
290757248
416417662
416417662
416417662
438776192
438776192
438776192
438776192
438776192
32397296
569792631
651376658
651376658
694522082
630367396
373255161
373255161
373255161
373255161
589997442
589997442
589997442
589997442
589997442
589997442
589997442
640519864
780267954
631635437
631635437
631635437
631635437
631635437
631635437
631635437
780267954
6943285
6943285
6943285
93318787
93318787
754103478
754103478
754103478
270454630
600550104
499751826
499751826
313001140
825890919
825890919
825890919
825890919
894226051
894226051
367558618
367558618
367558618
367558618
905798217
423271892
423271892
423271892
423271892
423271892
646065682
709248999
709248999
709248999
709248999
709248999
816006765
485259354
816006765
816006765
307998991
292427676
292427676
20015663
33839211
33839211
421375639
421375639
421375639
421375639
421375639
497188542
518628916
602935401
602935401
612019843
620983631
699404810
699404810
699404810
699404810
699404810
699404810
751967375
751967375
781725860
784384482
47101805
784384482
139782266
139782266
340033586
79652376
795900715
804464409
814387994
281726104
821851057
827950292
827950292
857722734
860017392
860017392
860017392
887812557
930138976
930138976
942283002
942283002
225989931
225989931
597004554
597004554
734206712
734206712
734206712
734206712
904480982
109532609
109532609
109532609
936812060
936812060
942283002
942283002
16005854
16005854
16005854
203358145
138701498
203358145
395101083
542603421
583649772
274554730
492655158
195537258
492655158
317943792
44641256
43823071
149965990
149965990
149965990
149965990
149965990
307403530
319818190
359145357
326860059
433600229
433600229
433600229
433600229
526446371
272945267
137391299
526446371
526446371
526446371
535737865
99108280
99108280
99108280
535737865
535737865
535737865
535737865
535737865
583649772
583649772
304645842
304645842
304645842
380588342
285214666
185001808
599084817
599084817
638259199
645480937
645480937
645480937
17546855
17546855
645480937
645480937
645480937
527725511
648370561
665600545
421040164
710258506
739239351
739239351
741094352
741094352
664791075
741094352
174730961
342722771
342722771
305354338
621590708
704491872
749030319
787610606
787610606
555479578
555479578
555479578
555479578
787610606
575444623
575444623
227092167
650392553
650392553
799763514
321619049
321619049
321619049
321619049
834344578
834344578
156644872
859892867
437977999
437977999
859892867
859892867
471894619
471894619
875063820
165403116
900580267
900580267
901423960
901423960
901423960
908757898
908757898
908757898
908757898
30934968
30934968
30934968
30934968
917171217
653008800
841450165
917171217
917171217
917171217
