379001442
379001442
615570777
597868461
597868461
615570777
615570777
615570777
729334663
0
381998506
381998506
420352859
730420783
19117830
11057575
11057575
11057575
588311175
588311175
438761098
438761098
438761098
438761098
438761098
438761098
313144759
588382813
742888819
901654080
901654080
901654080
901654080
901654080
901654080
901654080
901654080
904489610
904489610
904489610
949911433
949911433
0
0
26322481
283695223
283695223
953693661
0
893402513
893402513
431330394
1
1
1
1
990746854
282614968
342155351
342155351
342155351
342155351
342155351
342155351
11543964
11543964
11543964
847353617
847353617
694592774
908443174
613511201
613511201
613511201
613511201
338001477
602073635
848660341
848660341
848660341
26613012
197902383
197902383
558858159
848078196
946187101
913211097
913211097
862609947
862609947
862609947
498996807
498996807
498996807
498996807
231213392
231213392
231213392
35670967
35670967
35670967
12674407
12674407
298127110
557679332
545345060
30223160
612652988
414014603
414014603
987634889
210055908
348928366
987634889
166116995
286619185
286619185
792939675
792939675
535301025
535301025
770858761
149654867
573647434
664328258
664328258
110729278
110729278
218019404
218019404
275176621
275176621
500597082
778483818
586068050
586068050
778483818
778483818
207596935
47710570
47710570
906211838
921467976
809369693
809369693
809369693
184359469
23905714
23905714
23905714
23905714
184359469
184359469
