0
0
0
942188188
942188188
942188188
437260624
437260624
942188188
764698531
768961878
125366819
969746360
969746360
200065247
200065247
366828617
515047278
903723866
578801734
0
0
0
1
362195528
18076080
18076080
764547030
764547030
199945138
199945138
199945138
202139279
468181012
695692493
212848377
686637725
795090690
795090690
795090690
422898898
422898898
422898898
740721722
549149350
549149350
549149350
451163130
713353494
713353494
561632607
958776886
958776886
366133201
529804394
107299933
950260592
554156433
400570571
400570571
99728258
686939407
879710191
159465953
505758272
505758272
108788881
155211952
405559786
405559786
330743092
915476214
491070100
491070100
491070100
491070100
842109401
842109401
842109401
842109401
927959486
927959486
680795476
680795476
680795476
680795476
680795476
680795476
680795476
636178620
653902674
816736397
39565620
303843766
892675197
248757959
248757959
248757959
248757959
231020035
98779031
98779031
631358356
968227676
968227676
173498299
283607477
864544324
562773003
562773003
562773003
562773003
48096155
16847437
886570970
886570970
886570970
886570970
684176049
684176049
886570970
886570970
368718612
368718612
408785293
217371364
217371364
217371364
217371364
3436764
3436764
87383926
703525504
703525504
703525504
703525504
330669941
330669941
330669941
829529361
996242451
996242451
385988456
588773506
588773506
996242451
996242451
996242451
234471269
234471269
234471269
234471269
612224869
612224869
655199607
655199607
655199607
811166328
267790547
855333271
855333271
855333271
938354945
938354945
938354945
897668307
448865934
448865934
448865934
867878145
268707147
268707147
268707147
845640002
845640002
6479153
6479153
333801538
333801538
333801538
356549418
356549418
91016905
269985233
704888728
373932365
373932365
373932365
560290976
560290976
560290976
560290976
560290976
704888728
704888728
704888728
747522842
270244709
890097691
