0
0
792032466
792032466
992979559
992979559
992979559
0
22659523
495462582
495462582
0
409917699
0
0
945646143
945646143
86515248
930375501
121074848
788191792
936542273
549183223
602127669
602127669
242306532
431742421
112618076
590602756
590602756
237337002
237337002
590602756
990354035
990427067
617968335
617968335
617968335
617968335
766318544
766318544
766318544
766318544
813640732
813640732
218440170
218440170
434846223
15662488
445254923
156666719
156666719
714059752
946733557
946733557
261621069
314964114
314964114
2373774
794374961
794374961
576906511
576906511
576906511
821217644
895678735
3317143
768672658
768672658
71609324
446993739
446993739
156849482
156849482
156849482
48966397
48966397
48966397
497306713
66138143
662475815
662475815
742458877
742458877
742458877
742458877
275406580
275406580
920307336
163959090
163959090
260021785
260021785
260021785
260021785
260021785
260021785
200180291
120860866
445854442
445854442
445854442
282492857
-1441323312
194319062
904696696
904696696
576287061
182729648
709
740847569
285003018
514683072
663805958
663805958
883082966
883082966
883082966
