0
254751067
254751067
739352499
739352499
739352499
698154107
159265459
437025231
437025231
437025231
198352533
295161237
295161237
504471452
19995058
56623481
56623481
68694275
68694275
583023592
583023592
583023592
647382260
647382260
647382260
648848724
390950775
12898579
12898579
12898579
309059756
194632533
194632533
25766838
194632533
428926175
428926175
428926175
428926175
233180487
233180487
233180487
428926175
428926175
713567406
713567406
414182409
414182409
754040836
754040836
61977367
294344155
294344155
294344155
294344155
771917727
835914160
835914160
856192290
857511906
889892823
892015884
404340815
407061413
595798013
172199570
286857044
286857044
318998018
318998018
553457142
102217284
102217284
102217284
102217284
247484801
247484801
610898917
610898917
221075031
246158200
246158200
288184834
288184834
293325670
293325670
293325670
293325670
293325670
293325670
335151686
470123544
470123544
574817859
631933758
689503067
689503067
692094951
577140381
76403784
133612339
133612339
577140381
751369279
751369279
294771980
858441005
363816128
394909862
394909862
394909862
394909862
498433458
498433458
151683059
888823593
561352518
381039630
381039630
381039630
381039630
381039630
216055625
216055625
216055625
216055625
216055625
304381258
389236153
70400379
70400379
389236153
397021248
76276417
592183984
592183984
592183984
592183984
592183984
137413010
137413010
592183984
592183984
592183984
609498177
612471685
788730195
331546813
861720313
763012618
763012618
861720313
263256895
212593451
168219143
212593451
105388877
163576787
163576787
163576787
163576787
178649979
212593451
48178783
212593451
212593451
212593451
317801544
317801544
317801544
429343921
429343921
505746326
441034653
441034653
441034653
514832279
514832279
514832279
514832279
522055926
522055926
606480869
606480869
607801645
80619368
80619368
755641540
837094745
476306424
366149770
366149770
366149770
366149770
355035435
355035435
366149770
837094745
791606629
244333151
135391761
135391761
135391761
135391761
135391761
135391761
398505881
449828139
449828139
449828139
449828139
449828139
449828139
449828139
449828139
101838867
101838867
449828139
449828139
449828139
449828139
254817928
266046423
266046423
