544433929
550059799
550059799
245758886
245758886
245758886
245758886
245758886
245758886
344257614
344257614
344257614
344257614
344257614
406564225
510074465
510074465
510074465
510074465
415318208
330847254
330847254
330847254
330847254
144550109
330847254
468049750
553080316
580141456
580141456
252449392
580141456
580141456
580141456
580141456
580141456
580141456
612788029
612788029
189854145
612788029
612788029
649932553
730647772
730647772
709661778
250063893
620411606
57446342
659859717
686210061
507178476
686210061
710496865
710496865
564878119
71312154
71312154
687270399
710496865
710496865
808882002
182961486
182961486
182961486
182961486
182961486
182961486
182961486
320543891
478349455
534903095
758128525
662325531
833628926
870055105
296846056
296846056
886573592
13736878
337456083
337456083
337456083
337456083
337456083
337456083
253616622
253616622
795711298
795711298
220775355
149526198
170916507
693040271
693040271
693040271
247577396
596804306
596804306
679520711
390106640
390106640
795711298
654121908
654121908
760839244
760839244
760839244
760839244
760839244
3081324
354640382
354640382
855425115
419748252
99941051
922254044
922254044
922254044
922254044
223458910
922254044
922254044
32032041
32032041
32032041
389995421
470176563
470176563
470176563
935904923
935904923
935904923
935904923
889104965
725571833
725571833
889104965
421868830
889104965
889104965
935904923
935904923
935904923
52298858
52298858
322506479
796268904
288667371
935904923
935904923
940957476
176774892
667623115
667623115
667623115
948110935
556256940
255164313
286344671
286344671
751835387
796164092
738662370
796164092
796164092
271461718
183852672
183852672
796164092
796164092
108749349
948110935
949634088
949634088
802158784
957163601
967244111
967244111
997182719
548402643
548402643
0
0
0
0
676796708
676796708
881086643
881086643
881086643
581025577
581025577
581025577
70574079
70574079
70574079
70574079
306317735
94347265
618869488
654791378
889228574
889228574
889228574
934797115
934797115
934797115
849511512
738265775
738265775
395451677
984934027
984934027
491522996
486
486
387969632
387969632
749319993
98714749
98714749
98714749
98714749
98714749
661663011
661663011
870983376
870983376
870983376
870983376
486
486
114873369
870994816
870994816
0
0
0
0
560637359
229453513
448694326
909243084
909243084
285325018
285325018
303646045
303646045
911584429
580054629
0
