347406977
347406977
347406977
963775756
963775756
111809228
111809228
405511954
195187355
588323595
882150827
882150827
922111272
922111272
922111272
922111272
962611143
399742145
399742145
229424087
399742145
473480256
690680241
218610491
690680241
690680241
690680241
727198951
879344649
28906259
167550423
211716985
166575817
304892201
304892201
369722029
212082194
212082194
293412348
418101074
418101074
479423479
778518572
778518572
778518572
832396397
856674220
856674220
869202093
869202093
934475481
934475481
334362333
587453083
625636276
241751837
739265144
739265144
531944938
148154048
333976393
333976393
245069540
333976393
261749327
938488154
938488154
938488154
493792039
938488154
863840122
863840122
997565822
601749337
0
0
0
335998550
335998550
5289085
5289085
0
834359283
37631312
913894642
1
1
300380321
1157768912
1157768912
1157768912
1157768912
790972833
472
472
808085909
239757217
239757217
239757217
669149172
669149172
834149327
834149327
834149327
990448861
990448861
860427663
860427663
860427663
860427663
903378473
108549719
198414859
459151896
459151896
459151896
151283110
151283110
650132863
163892178
163892178
163892178
783985761
260379350
835850718
467826265
621968803
862287888
345646242
345646242
345646242
369026013
251551673
251551673
452583782
435170639
546479703
110144841
113841206
652987958
652987958
652987958
227575605
880731575
72301796
123778669
123778669
810661794
810661794
810661794
711241755
711241755
711241755
572320222
572320222
460425935
460425935
460425935
460425935
334467943
500630310
500630310
500630310
764275804
943634185
994387789
994387789
39502393
154895474
154895474
154895474
746552311
202345712
202345712
202345712
14291939
14291939
349922718
782796076
100115863
65400671
65400671
744512668
726552931
726552931
872315175
351752662
351752662
351752662
351752662
351752662
371458453
517487132
725850814
725850814
89567609
764022713
590876243
204391084
15475650
306467315
306467315
306467315
306467315
161230310
161230310
161230310
161230310
161230310
161230310
504595368
461981638
953476750
953476750
466518625
466518625
466518625
466518625
466518625
530047837
543603118
550584096
550584096
477377487
477377487
477377487
477377487
512238996
512238996
512238996
512238996
512238996
512238996
860754090
860754090
860754090
860754090
318828130
318828130
238888339
354256384
354256384
354256384
167870459
167870459
828673890
628598518
