0
233800800
233800800
111490388
111490388
111490388
0
0
397412555
397412555
397412555
0
0
669759967
56097864
1
1032791760
470
470
470
470
470
470
470
470
149328894
149328894
686192321
169692909
742542536
742542536
424759522
424759522
924979747
924979747
924979747
880523777
880523777
880523777
880523777
880523777
880523777
228821089
884515348
884515348
95056148
539413746
334201003
162589465
162589465
162589465
549612465
549612465
888801390
888801390
888801390
888801390
888801390
888801390
888801390
19800809
19800809
242570885
1032803200
504696734
504696734
504696734
504696734
0
0
494163855
494163855
880504139
880504139
695391498
695391498
695391498
695391498
695391498
485134487
22977478
0
0
228212524
228212524
228212524
228212524
228212524
228212524
228212524
549706881
836445568
836445568
836445568
47327739
77092360
77092360
689193905
468800447
592648125
592648125
592648125
64519197
64519197
149508666
149508666
149508666
481947245
831345728
831345728
831345728
831345728
831345728
693796340
693796340
833030788
833030788
45505628
45505628
198371146
198371146
333617848
318791839
574030887
876407932
728682327
728682327
752455528
418540435
418540435
540754836
408631735
408631735
408631735
155811259
155811259
490118050
835860037
437162406
437162406
437162406
957575397
957575397
382392268
833681120
833681120
833681120
202557395
849923259
849923259
904295629
904295629
904295629
53996767
66641336
133455777
561242424
561242424
561242424
561242424
561242424
536193549
536193549
536193549
50937297
50937297
50937297
460181835
533575205
791954682
691414086
330010803
951412024
310867518
310867518
124086864
124086864
124086864
399517283
98206680
844936897
844936897
844936897
151010444
249873825
152565912
152565912
152565912
152565912
935317033
935317033
658265562
333921701
333921701
333921701
333921701
