0
0
0
0
752595544
0
77397701
795299719
795299719
795299719
795299719
795299719
884152672
751218305
275772116
0
0
428512165
1
15098574
15098574
281460212
800137588
800137588
326398836
303203857
-562288944
-562288944
-562288944
-562288944
92750005
92750005
163486104
163486104
248018772
807724963
566724469
566724469
560
939065817
939065817
764351993
764351993
476104112
476104112
476104112
476104112
79044341
344053202
635005400
635005400
635005400
635005400
48143028
148964925
576497250
576497250
576497250
576497250
576497250
170053354
170053354
170053354
505667026
505667026
272626730
272626730
0
759581
759581
