0
0
666464050
666464050
666464050
666464050
666464050
279447979
389883784
218015996
250299773
477017889
477017889
381719925
955885460
233463611
775248998
775248998
757202699
757202699
507414636
507414636
385453939
385453939
130907818
130907818
130907818
385453939
409796616
442709095
542782089
675921845
280451195
280451195
606996183
8546757
682669412
854149949
928975076
40643553
40643553
40643553
40643553
40643553
161250718
161250718
237920864
237920864
237920864
391956937
101210815
279916559
279916559
353875795
147682265
353875795
739116330
739116330
766704425
582489217
582489217
578884124
328460164
224752186
224752186
578884124
582489217
907539792
907539792
66622493
66622493
66622493
66622493
66622493
66622493
105332613
574725367
574725367
574725367
574725367
369903019
574725367
168913336
168913336
168913336
168913336
374952956
374952956
320205567
320205567
124528656
451379456
598936687
598936687
746011421
286899286
399575933
746188192
746188192
32806843
32806843
32806843
32806843
357112378
336203659
357112378
357112378
357112378
308279960
300509844
499865028
499865028
687369048
687369048
687369048
687369048
294442345
434851565
94154987
685292420
529840623
687369048
687369048
630245946
687722380
687722380
687722380
687722380
695880710
740493249
746188192
777216397
777216397
777216397
777216397
104198575
104198575
104198575
104198575
104198575
104198575
104198575
104198575
104198575
104198575
104198575
104198575
104198575
177990689
177990689
452986704
79405382
452986704
219183780
219183780
228520196
452986704
452986704
452986704
31986019
538492122
539658200
566666815
765392674
765392674
229509969
229509969
229509969
229509969
425473819
263667792
263667792
263667792
263667792
263667792
263667792
263667792
263667792
263667792
231590684
231590684
231590684
231590684
231590684
231590684
263667792
486243289
486243289
513542755
644189806
644189806
666043782
666043782
666043782
745980692
765392674
479617940
479617940
765392674
765392674
