0
971669728
971669728
989296332
418509070
418509070
838179822
396843065
921185917
861471280
861471280
386434541
733143162
379856019
379856019
297832101
27612603
0
5441794
5441794
5441794
5441794
5441794
5441794
5441794
0
677765846
1
1
523730713
523730713
481
481
386750889
386750889
386750889
386750889
87017628
734781349
954429079
954429079
954429079
954429079
954429079
696117804
696117804
803825741
613161572
650687157
854518203
854518203
452906852
636698870
636698870
636698870
755180069
306981724
306981724
306981724
755180069
518944664
84457616
972577935
972577935
972577935
972577935
972577935
463306510
759876155
581945793
581945793
673968112
673968112
386458318
386458318
223325773
223325773
223325773
103821831
963770961
49582014
332879943
332879943
85238359
180930542
383195634
179609107
283656018
60434067
383195634
383195634
383195634
593069870
103574546
103574546
296519455
296519455
296519455
296519455
168694827
168694827
168694827
168694827
168694827
93550228
220735212
296519455
81269547
14905463
212972009
227741710
346681268
93693490
379399816
385500504
43080317
385500504
399716464
214864428
214864428
255462728
354674916
402556901
402556901
426412068
514742767
514742767
355199081
541348530
541348530
541348530
564002702
586339827
636253045
636253045
703159465
147418494
482083955
482083955
234985815
234985815
552323911
623504874
623504874
361179592
27440631
27440631
587921766
587921766
523239091
523239091
587921766
587921766
725895434
22811878
22811878
22811878
22811878
22811878
25793821
622243539
725895434
103112181
469420487
463552778
343777867
155355797
42510902
42510902
42510902
189819356
372535459
451559793
58810774
58810774
451559793
205265936
205265936
205265936
219133722
219133722
203700331
459248554
538417143
538417143
738316940
738622943
761338975
761338975
452816752
789647350
798914936
798914936
820420407
548947610
