0
0
53878214
53878214
234421133
253179462
206509934
206509934
206509934
204577938
204577938
338266279
288930071
288930071
288930071
58493327
58493327
58493327
253279004
288930071
288930071
338266279
338266279
338266279
86678485
86678485
86678485
203264944
184170283
203264944
427534351
427534351
456187677
506492178
506492178
506492178
528606467
564812454
564812454
351691629
351691629
588399422
250097393
354047018
354047018
354047018
97123128
97123128
354047018
497658765
497658765
588399422
588399422
588399422
588399422
588399422
593643847
647213290
738935752
738935752
400484307
32884097
32884097
32884097
400484307
400484307
418267810
497986248
497986248
619137907
673592130
738935752
684795882
101316149
101316149
676223210
656329076
178517811
741100712
265203155
265203155
265203155
222747994
265203155
524142598
524142598
741100712
312248476
312248476
312248476
370156726
370156726
743608681
770708846
665291187
792199902
797948162
797948162
381525619
355155223
149485016
149485016
465404088
553325657
553325657
812128895
812128895
813684895
35933173
35933173
114112202
114112202
114112202
246108696
319635743
319635743
319635743
319635743
319635743
374106396
374106396
378654972
538112862
538112862
52082043
52082043
52082043
612766134
612766134
654597258
569240114
569240114
809260578
813684895
813684895
58339608
813684895
813684895
221699018
584378126
584378126
584378126
584378126
619948614
619948614
619948614
652595043
821479902
821479902
821479902
849788063
284770467
849788063
4450073
849788063
508445794
508445794
124250604
