562803701
630805029
630805029
630805029
630805029
260948953
260948953
260948953
0
0
0
706228554
621837087
0
438167953
438167953
438167953
605304966
120021905
961190158
440073331
0
829382868
829382868
829382868
809665708
809665708
809665708
809665708
884479482
441342058
441342058
848217413
848217413
495199134
848217413
182521453
959264333
959264333
959264333
589634616
160519788
572920921
572920921
572920921
440478383
754124031
754124031
754124031
754124031
754124031
754124031
754124031
352988043
268690020
331898810
331898810
352988043
860176655
931332412
995205487
34771860
34771860
372157204
372157204
474920068
400546684
400546684
137079485
397275854
2935531
681860296
92151312
250383409
250383409
286353199
681860296
795432126
850057310
850057310
850057310
987201128
225854
158661885
158661885
956372293
705734921
622567918
705734921
995670855
995670855
995670855
961913602
662037510
662037510
662037510
662037510
566670513
662037510
179025622
146587793
501699372
501699372
351642043
662037510
662037510
662037510
662037510
662037510
662037510
313753944
458290524
662037510
473268181
473268181
654906195
355968160
654906195
654906195
582484776
582484776
582484776
686533552
735632732
230172905
702072213
268484554
268484554
268484554
597947648
683011779
683011779
683011779
683011779
702072213
702072213
702072213
702072213
275432341
275432341
702072213
15139918
15139918
735632732
735632732
137865799
137865799
133814936
780729172
398040506
839936610
162323012
162323012
