0
845388829
845388829
845388829
845388829
619374104
845388829
663056247
663056247
663056247
755295848
755295848
320076889
320076889
320076889
207366370
0
0
0
264166217
237354221
753284779
470764513
847871544
847871544
0
0
0
348203217
348203217
348203217
348203217
0
744100530
71356329
71356329
71356329
529
529
75730617
75730617
317736979
317736979
924874663
924874663
924874663
924874663
788761108
788761108
47600404
993081826
993081826
74439897
922596748
254041508
1597777616
0
457559325
360236739
360236739
360236739
42077476
880351054
880351054
880351054
880351054
705193417
345881398
0
