0
0
181890723
0
0
0
0
0
337721601
189908952
253408745
214630619
253408745
126502872
126502872
126502872
267761907
303595531
303595531
433455269
545073956
545073956
657895620
657895620
218812400
677123182
677123182
708624369
98894644
98894644
259929996
259929996
10886085
259929996
259929996
259929996
353105850
625247269
680002297
658899985
658899985
131449519
503527096
229742358
229742358
90450527
90450527
90450527
90450527
38942934
38942934
90450527
229742358
389484385
389484385
522946494
539072701
539072701
539072701
596896684
632012107
218556090
218556090
218556090
649043859
658899985
660094287
660094287
660094287
681137020
681137020
681137020
528931956
15637831
691654560
708624369
708624369
708624369
708624369
717697949
723141499
319366162
671362976
692512614
318559606
97516658
421316670
421316670
421316670
421316670
421316670
421316670
823221205
515964027
203902737
203902737
203902737
203902737
722334048
722334048
553346726
736647908
871192078
871192078
267846446
128831188
128831188
128831188
537412393
537412393
537412393
537412393
537412393
326981770
326981770
490555105
571697355
571697355
22585497
130708406
130708406
334871608
336626878
336626878
336626878
292116105
292116105
336626878
380377730
282189156
563117937
440446964
579493269
579493269
579493269
579493269
588627340
686891022
793135927
812047464
389370007
389370007
723077817
723077817
541592966
541592966
748158761
871962050
281890730
276388233
276388233
873823555
873823555
873823555
529056354
728486221
728486221
728486221
852240713
852240713
882473626
882473626
304901784
304901784
890103872
895582507
72902108
913684050
587509489
587509489
587509489
492828531
385450885
385450885
587509489
7821107
7821107
95123324
95123324
95123324
331097162
331097162
248945477
248945477
248945477
621328318
622358280
311462401
311462401
311462401
311462401
526906152
248393721
248393721
