89256627
89256627
89256627
371227783
371227783
371227783
0
0
0
513
513
-685103408
-685103408
747906868
747906868
747906868
54525846
54525846
54525846
54525846
553999273
553999273
696437241
696437241
696437241
326958129
326958129
422073929
468452084
828783413
23610246
23610246
23610246
92667204
110210520
326954951
860936097
860936097
979272990
979272990
979272990
979272990
193839258
193839258
101622853
101622853
396101203
506799328
506799328
442186850
442186850
442186850
442186850
442186850
455339629
668707117
840187936
979926954
979926954
979926954
708315445
291796914
341634825
182629446
614652199
614652199
614652199
469225350
469225350
469225350
117537824
156366357
156366357
177033027
77335600
77335600
384015125
756439728
756439728
756439728
756439728
756439728
446987969
446987969
294130107
387559659
387559659
511323946
511323946
865293561
865293561
346804354
346804354
700485949
700485949
700485949
745909596
745909596
745909596
77643391
884409532
966772022
966772022
534679629
115703806
115703806
115703806
768224700
768224700
89786803
89786803
450509749
450509749
757540971
971406889
